0.00s - Debugger warning: It seems that frozen modules are being used, which may
0.00s - make the debugger miss breakpoints. Please pass -Xfrozen_modules=off
0.00s - to python to disable frozen modules.
0.00s - Note: Debugging will proceed. Set PYDEVD_DISABLE_FILE_VALIDATION=1 to disable this validation.
0.00s - Debugger warning: It seems that frozen modules are being used, which may
0.00s - make the debugger miss breakpoints. Please pass -Xfrozen_modules=off
0.00s - to python to disable frozen modules.
0.00s - Note: Debugging will proceed. Set PYDEVD_DISABLE_FILE_VALIDATION=1 to disable this validation.
Writing /kaggle/working/run_canon.py
8 windows
layer windows: {'auto_grown_20260911055855150_r50_c65': {'start': 14, 'end': 76, 'dw_fine_layers': -9.517666122251454, 'ncc': 0.6411065459251404}, 'auto_grown_20260911055855150_r5_c40': {'start': 18, 'end': 80, 'dw_fine_layers': -6.132299710999086, 'ncc': 0.522340714931488}, 'auto_grown_20260911060220192_r45_c50': {'start': 32, 'end': 94, 'dw_fine_layers': 7.794255071063375, 'ncc': 0.540570855140686}, 'auto_grown_20260911060220192_r60_c10': {'start': 36, 'end': 98, 'dw_fine_layers': 11.539165961609777, 'ncc': 0.5365349650382996}, 'auto_grown_20260911060220192_r20_c90': {'start': 30, 'end': 92, 'dw_fine_layers': 6.20076153922005, 'ncc': 0.5513302683830261}, 'auto_grown_20260911060936172_r5_c105': {'start': 33, 'end': 95, 'dw_fine_layers': 8.86423390925994, 'ncc': 0.6610427498817444}, 'auto_grown_20260911060936172_r70_c65': {'start': 25, 'end': 87, 'dw_fine_layers': 1.1960922578578708, 'ncc': 0.7404640913009644}, 'auto_grown_20260911060936172_r5_c15': {'start': 22, 'end': 84, 'dw_fine_layers': -1.9437330739092655, 'ncc': 0.7477051019668579}}
auto_grown_20260911055855150_r50_c65 C {'exit': 0, 'mean': 0.18874064087867737, 'frac_gt_0.5': 0.0479958552970702} [164s]
auto_grown_20260911055855150_r5_c40 C {'exit': 0, 'mean': 0.19031895697116852, 'frac_gt_0.5': 0.048952110928346754} [314s]
auto_grown_20260911055855150_r50_c65 D {'exit': 0, 'mean': 0.18827666342258453, 'frac_gt_0.5': 0.047100608041452746} [319s]
auto_grown_20260911055855150_r5_c40 D {'exit': 0, 'mean': 0.22410868108272552, 'frac_gt_0.5': 0.09595778143306496} [474s]
auto_grown_20260911060220192_r20_c90 C {'exit': 0, 'mean': 0.1930929571390152, 'frac_gt_0.5': 0.05470645579292026} [474s]
auto_grown_20260911060220192_r45_c50 C {'exit': 0, 'mean': 0.15685807168483734, 'frac_gt_0.5': 0.018114926670834322} [624s]
auto_grown_20260911060220192_r20_c90 D {'exit': 0, 'mean': 0.17803801596164703, 'frac_gt_0.5': 0.03825459899098046} [629s]
auto_grown_20260911060220192_r45_c50 D {'exit': 0, 'mean': 0.16531148552894592, 'frac_gt_0.5': 0.025469114929978498} [779s]
auto_grown_20260911060220192_r60_c10 C {'exit': 0, 'mean': 0.19459009170532227, 'frac_gt_0.5': 0.06101405402963962} [779s]
auto_grown_20260911060936172_r5_c105 C {'exit': 0, 'mean': 0.20744067430496216, 'frac_gt_0.5': 0.0706552057303313} [929s]
auto_grown_20260911060220192_r60_c10 D {'exit': 0, 'mean': 0.16330623626708984, 'frac_gt_0.5': 0.021053043385924026} [934s]
auto_grown_20260911060936172_r5_c105 D {'exit': 0, 'mean': 0.18263253569602966, 'frac_gt_0.5': 0.046561165921359074} [1084s]
auto_grown_20260911060936172_r5_c15 C {'exit': 0, 'mean': 0.16987010836601257, 'frac_gt_0.5': 0.036945791176319964} [1084s]
auto_grown_20260911060936172_r70_c65 C {'exit': 0, 'mean': 0.16772812604904175, 'frac_gt_0.5': 0.03141287029708854} [1234s]
auto_grown_20260911060936172_r5_c15 D {'exit': 0, 'mean': 0.15899956226348877, 'frac_gt_0.5': 0.018722624103210017} [1239s]
auto_grown_20260911060936172_r70_c65 D {'exit': 0, 'mean': 0.2155725061893463, 'frac_gt_0.5': 0.0913379049790699} [1384s]
ALL_DONE [1384s]
/usr/local/lib/python3.12/dist-packages/mistune.py:435: SyntaxWarning: invalid escape sequence '\|'
  cells[i][c] = re.sub('\\\\\|', '|', cell)
/usr/local/lib/python3.12/dist-packages/nbconvert/filters/filter_links.py:36: SyntaxWarning: invalid escape sequence '\_'
  text = re.sub(r'_', '\_', text) # Escape underscores in display text
[NbConvertApp] Converting notebook __notebook__.ipynb to notebook
[NbConvertApp] Writing 71381 bytes to __notebook__.ipynb
[NbConvertApp] Converting notebook __notebook__.ipynb to html
[NbConvertApp] Writing 560197 bytes to __results__.html
