0.00s - Debugger warning: It seems that frozen modules are being used, which may
0.00s - make the debugger miss breakpoints. Please pass -Xfrozen_modules=off
0.00s - to python to disable frozen modules.
0.00s - Note: Debugging will proceed. Set PYDEVD_DISABLE_FILE_VALIDATION=1 to disable this validation.
0.00s - Debugger warning: It seems that frozen modules are being used, which may
0.00s - make the debugger miss breakpoints. Please pass -Xfrozen_modules=off
0.00s - to python to disable frozen modules.
0.00s - Note: Debugging will proceed. Set PYDEVD_DISABLE_FILE_VALIDATION=1 to disable this validation.
Writing /kaggle/working/run_canon.py
8 windows
layer windows: {'auto_grown_20260911075433088_r5_c45': {'start': 24, 'end': 86, 'dw_fine_layers': -0.43203608509186225, 'ncc': 0.7996619343757629}, 'auto_grown_20260911075433088_r10_c85': {'start': 23, 'end': 85, 'dw_fine_layers': -0.5608227032519089, 'ncc': 0.790652334690094}, 'auto_grown_20260911080156934_r80_c80': {'start': 24, 'end': 86, 'dw_fine_layers': -0.053585377860641076, 'ncc': 0.817650318145752}, 'auto_grown_20260911080156934_r65_c30': {'start': 24, 'end': 86, 'dw_fine_layers': -0.05777104198009773, 'ncc': 0.8747446537017822}, 'auto_grown_20260911080156934_r40_c80': {'start': 24, 'end': 86, 'dw_fine_layers': 0.1531812227431751, 'ncc': 0.8334529995918274}, 'auto_grown_20260911083702915_r75_c85': {'start': 24, 'end': 86, 'dw_fine_layers': -0.1950909559570615, 'ncc': 0.7770470380783081}, 'auto_grown_20260911083702915_r60_c5': {'start': 24, 'end': 86, 'dw_fine_layers': -0.29717283399681, 'ncc': 0.6993001699447632}, 'auto_grown_20260911083702915_r35_c55': {'start': 24, 'end': 86, 'dw_fine_layers': -0.02362396686327519, 'ncc': 0.7774180769920349}}
auto_grown_20260911075433088_r10_c85 C {'exit': 0, 'mean': 0.1838359236717224, 'frac_gt_0.5': 0.04067969203427981} [163s]
auto_grown_20260911075433088_r5_c45 C {'exit': 0, 'mean': 0.19969283044338226, 'frac_gt_0.5': 0.05034546561979148} [313s]
auto_grown_20260911075433088_r10_c85 D {'exit': 0, 'mean': 0.17192496359348297, 'frac_gt_0.5': 0.03330140364490843} [318s]
auto_grown_20260911075433088_r5_c45 D {'exit': 0, 'mean': 0.20375418663024902, 'frac_gt_0.5': 0.0735244653600566} [468s]
auto_grown_20260911080156934_r40_c80 C {'exit': 0, 'mean': 0.19751590490341187, 'frac_gt_0.5': 0.05973742378126995} [468s]
auto_grown_20260911080156934_r40_c80 D {'exit': 0, 'mean': 0.16314274072647095, 'frac_gt_0.5': 0.01692757593026244} [623s]
auto_grown_20260911080156934_r65_c30 C {'exit': 0, 'mean': 0.13316193222999573, 'frac_gt_0.5': 0.0} [623s]
auto_grown_20260911080156934_r65_c30 D {'exit': 0, 'mean': 0.1367742270231247, 'frac_gt_0.5': 0.0013531299404300795} [779s]
auto_grown_20260911080156934_r80_c80 C {'exit': 0, 'mean': 0.24139083921909332, 'frac_gt_0.5': 0.11299998039538407} [779s]
auto_grown_20260911080156934_r80_c80 D {'exit': 0, 'mean': 0.21337154507637024, 'frac_gt_0.5': 0.0882011670673455} [934s]
auto_grown_20260911083702915_r35_c55 C {'exit': 0, 'mean': 0.3041549623012543, 'frac_gt_0.5': 0.18932414432866973} [934s]
auto_grown_20260911083702915_r35_c55 D {'exit': 0, 'mean': 0.2984858751296997, 'frac_gt_0.5': 0.17465174662008315} [1089s]
auto_grown_20260911083702915_r60_c5 C {'exit': 0, 'mean': 0.1357768326997757, 'frac_gt_0.5': 0.0011025128001158862} [1089s]
auto_grown_20260911083702915_r60_c5 D {'exit': 0, 'mean': 0.14299678802490234, 'frac_gt_0.5': 9.57929969684334} [1239s]
auto_grown_20260911083702915_r75_c85 C {'exit': 0, 'mean': 0.16049279272556305, 'frac_gt_0.5': 0.03063942507974781} [1244s]
auto_grown_20260911083702915_r75_c85 D {'exit': 0, 'mean': 0.1525394320487976, 'frac_gt_0.5': 0.01587093048189218} [1389s]
ALL_DONE [1389s]
/usr/local/lib/python3.12/dist-packages/mistune.py:435: SyntaxWarning: invalid escape sequence '\|'
  cells[i][c] = re.sub('\\\\\|', '|', cell)
/usr/local/lib/python3.12/dist-packages/nbconvert/filters/filter_links.py:36: SyntaxWarning: invalid escape sequence '\_'
  text = re.sub(r'_', '\_', text) # Escape underscores in display text
[NbConvertApp] Converting notebook __notebook__.ipynb to notebook
[NbConvertApp] Writing 71369 bytes to __notebook__.ipynb
[NbConvertApp] Converting notebook __notebook__.ipynb to html
[NbConvertApp] Writing 560185 bytes to __results__.html
