0.00s - Debugger warning: It seems that frozen modules are being used, which may
0.00s - make the debugger miss breakpoints. Please pass -Xfrozen_modules=off
0.00s - to python to disable frozen modules.
0.00s - Note: Debugging will proceed. Set PYDEVD_DISABLE_FILE_VALIDATION=1 to disable this validation.
0.00s - Debugger warning: It seems that frozen modules are being used, which may
0.00s - make the debugger miss breakpoints. Please pass -Xfrozen_modules=off
0.00s - to python to disable frozen modules.
0.00s - Note: Debugging will proceed. Set PYDEVD_DISABLE_FILE_VALIDATION=1 to disable this validation.
Writing /kaggle/working/run_canon.py
8 windows
layer windows: {'auto_grown_20260911043906689_r90_c65': {'start': 32, 'end': 94, 'dw_fine_layers': 7.775412473138429, 'ncc': 0.4666282832622528}, 'auto_grown_20260911043906689_r95_c105': {'start': 27, 'end': 89, 'dw_fine_layers': 3.4340603639790435, 'ncc': 0.5621173977851868}, 'auto_grown_20260911043906689_r105_c5': {'start': 27, 'end': 89, 'dw_fine_layers': 3.314148555475997, 'ncc': 0.711193323135376}, 'auto_grown_20260911044742718_r5_c5': {'start': 24, 'end': 86, 'dw_fine_layers': -0.019526004764720536, 'ncc': 0.6893685460090637}, 'auto_grown_20260911050732783_r65_c95': {'start': 23, 'end': 85, 'dw_fine_layers': -1.2430590304699665, 'ncc': 0.7763762474060059}, 'auto_grown_20260911050732783_r45_c55': {'start': 23, 'end': 85, 'dw_fine_layers': -0.7706121685242844, 'ncc': 0.7733300924301147}, 'auto_grown_20260911050732783_r105_c105': {'start': 20, 'end': 82, 'dw_fine_layers': -4.1639983656732245, 'ncc': 0.6309626698493958}, 'auto_grown_20260911051244524_r60_c50': {'start': 32, 'end': 94, 'dw_fine_layers': 7.859967154061192, 'ncc': 0.3973667323589325}}
auto_grown_20260911043906689_r105_c5 C {'exit': 0, 'mean': 0.1626487523317337, 'frac_gt_0.5': 0.021875282648310738} [173s]
auto_grown_20260911043906689_r90_c65 C {'exit': 0, 'mean': 0.17468932271003723, 'frac_gt_0.5': 0.031626043439188796} [318s]
auto_grown_20260911043906689_r105_c5 D {'exit': 0, 'mean': 0.19199275970458984, 'frac_gt_0.5': 0.05194387330238502} [343s]
auto_grown_20260911043906689_r90_c65 D {'exit': 0, 'mean': 0.1931489109992981, 'frac_gt_0.5': 0.05092819281527811} [473s]
auto_grown_20260911043906689_r95_c105 C {'exit': 0, 'mean': 0.1833762377500534, 'frac_gt_0.5': 0.04529353280134715} [508s]
auto_grown_20260911043906689_r95_c105 D {'exit': 0, 'mean': 0.21335715055465698, 'frac_gt_0.5': 0.07600597706010627} [628s]
auto_grown_20260911044742718_r5_c5 C {'exit': 0, 'mean': 0.13511055707931519, 'frac_gt_0.5': 0.00022722230331990087} [663s]
auto_grown_20260911044742718_r5_c5 D {'exit': 0, 'mean': 0.13309744000434875, 'frac_gt_0.5': 0.0} [778s]
auto_grown_20260911050732783_r105_c105 C {'exit': 0, 'mean': 0.15329545736312866, 'frac_gt_0.5': 0.015174642866552587} [823s]
auto_grown_20260911050732783_r105_c105 D {'exit': 0, 'mean': 0.15910722315311432, 'frac_gt_0.5': 0.018483103718827706} [933s]
auto_grown_20260911050732783_r45_c55 C {'exit': 0, 'mean': 0.22884978353977203, 'frac_gt_0.5': 0.10933945866796327} [983s]
auto_grown_20260911050732783_r45_c55 D {'exit': 0, 'mean': 0.20389552414417267, 'frac_gt_0.5': 0.05854151931885877} [1088s]
auto_grown_20260911050732783_r65_c95 C {'exit': 0, 'mean': 0.18916478753089905, 'frac_gt_0.5': 0.05380962303939734} [1143s]
auto_grown_20260911050732783_r65_c95 D {'exit': 0, 'mean': 0.19327709078788757, 'frac_gt_0.5': 0.0430020070667638} [1243s]
auto_grown_20260911051244524_r60_c50 C {'exit': 0, 'mean': 0.1695491522550583, 'frac_gt_0.5': 0.032301034693843336} [1303s]
auto_grown_20260911051244524_r60_c50 D {'exit': 0, 'mean': 0.2030729502439499, 'frac_gt_0.5': 0.07023034219136744} [1398s]
ALL_DONE [1398s]
/usr/local/lib/python3.12/dist-packages/mistune.py:435: SyntaxWarning: invalid escape sequence '\|'
  cells[i][c] = re.sub('\\\\\|', '|', cell)
/usr/local/lib/python3.12/dist-packages/nbconvert/filters/filter_links.py:36: SyntaxWarning: invalid escape sequence '\_'
  text = re.sub(r'_', '\_', text) # Escape underscores in display text
[NbConvertApp] Converting notebook __notebook__.ipynb to notebook
[NbConvertApp] Writing 71381 bytes to __notebook__.ipynb
[NbConvertApp] Converting notebook __notebook__.ipynb to html
[NbConvertApp] Writing 560197 bytes to __results__.html
