0.00s - Debugger warning: It seems that frozen modules are being used, which may
0.00s - make the debugger miss breakpoints. Please pass -Xfrozen_modules=off
0.00s - to python to disable frozen modules.
0.00s - Note: Debugging will proceed. Set PYDEVD_DISABLE_FILE_VALIDATION=1 to disable this validation.
0.00s - Debugger warning: It seems that frozen modules are being used, which may
0.00s - make the debugger miss breakpoints. Please pass -Xfrozen_modules=off
0.00s - to python to disable frozen modules.
0.00s - Note: Debugging will proceed. Set PYDEVD_DISABLE_FILE_VALIDATION=1 to disable this validation.
Writing /kaggle/working/run_canon.py
8 windows
layer windows: {'auto_grown_20260911051244524_r70_c5': {'start': 26, 'end': 88, 'dw_fine_layers': 1.5601317827114989, 'ncc': 0.6001280546188354}, 'auto_grown_20260911051244524_r5_c105': {'start': 28, 'end': 90, 'dw_fine_layers': 3.5931383393179717, 'ncc': 0.6537155508995056}, 'auto_grown_20260911051725841_r10_c80': {'start': 25, 'end': 87, 'dw_fine_layers': 1.3890494245156704, 'ncc': 0.6023703813552856}, 'auto_grown_20260911051725841_r95_c5': {'start': 32, 'end': 94, 'dw_fine_layers': 7.9252234217782895, 'ncc': 0.28751468658447266}, 'auto_grown_20260911051725841_r50_c70': {'start': 23, 'end': 85, 'dw_fine_layers': -1.0258625608795793, 'ncc': 0.3708345592021942}, 'auto_grown_20260911052759139_r55_c0': {'start': 19, 'end': 81, 'dw_fine_layers': -4.860828692760926, 'ncc': 0.4150577485561371}, 'auto_grown_20260911053225919_r70_c10': {'start': 15, 'end': 77, 'dw_fine_layers': -9.16030182254986, 'ncc': 0.7187333703041077}, 'auto_grown_20260911053225919_r90_c70': {'start': 14, 'end': 76, 'dw_fine_layers': -9.767689851206633, 'ncc': 0.461909681558609}}
auto_grown_20260911051244524_r5_c105 C {'exit': 0, 'mean': 0.1762385070323944, 'frac_gt_0.5': 0.032358405528769195} [165s]
auto_grown_20260911051244524_r70_c5 C {'exit': 0, 'mean': 0.16880664229393005, 'frac_gt_0.5': 0.027381400055956524} [315s]
auto_grown_20260911051244524_r5_c105 D {'exit': 0, 'mean': 0.18359851837158203, 'frac_gt_0.5': 0.04253984678223183} [320s]
auto_grown_20260911051244524_r70_c5 D {'exit': 0, 'mean': 0.18533416092395782, 'frac_gt_0.5': 0.044495473692050466} [475s]
auto_grown_20260911051725841_r10_c80 C {'exit': 0, 'mean': 0.26528963446617126, 'frac_gt_0.5': 0.14325657161243183} [475s]
auto_grown_20260911051725841_r10_c80 D {'exit': 0, 'mean': 0.22192290425300598, 'frac_gt_0.5': 0.08608385426165503} [635s]
auto_grown_20260911051725841_r50_c70 C {'exit': 0, 'mean': 0.1818748414516449, 'frac_gt_0.5': 0.051803468734206624} [635s]
auto_grown_20260911051725841_r50_c70 D {'exit': 0, 'mean': 0.16048139333724976, 'frac_gt_0.5': 0.024533502685650823} [790s]
auto_grown_20260911051725841_r95_c5 C {'exit': 0, 'mean': 0.17630672454833984, 'frac_gt_0.5': 0.03760027672030911} [800s]
auto_grown_20260911052759139_r55_c0 C {'exit': 0, 'mean': 0.1540793776512146, 'frac_gt_0.5': 0.01171031472080668} [915s]
auto_grown_20260911051725841_r95_c5 D {'exit': 0, 'mean': 0.1642054170370102, 'frac_gt_0.5': 0.027323899708965288} [950s]
auto_grown_20260911052759139_r55_c0 D {'exit': 0, 'mean': 0.15015608072280884, 'frac_gt_0.5': 0.0} [1030s]
auto_grown_20260911053225919_r70_c10 C {'exit': 0, 'mean': 0.14081984758377075, 'frac_gt_0.5': 0.002200213766820807} [1110s]
auto_grown_20260911053225919_r70_c10 D {'exit': 0, 'mean': 0.14600108563899994, 'frac_gt_0.5': 0.00269236518367988} [1200s]
auto_grown_20260911053225919_r90_c70 C {'exit': 0, 'mean': 0.16424162685871124, 'frac_gt_0.5': 0.02654752749561369} [1260s]
auto_grown_20260911053225919_r90_c70 D {'exit': 0, 'mean': 0.16928765177726746, 'frac_gt_0.5': 0.02330378992561733} [1355s]
ALL_DONE [1355s]
/usr/local/lib/python3.12/dist-packages/mistune.py:435: SyntaxWarning: invalid escape sequence '\|'
  cells[i][c] = re.sub('\\\\\|', '|', cell)
/usr/local/lib/python3.12/dist-packages/nbconvert/filters/filter_links.py:36: SyntaxWarning: invalid escape sequence '\_'
  text = re.sub(r'_', '\_', text) # Escape underscores in display text
[NbConvertApp] Converting notebook __notebook__.ipynb to notebook
[NbConvertApp] Writing 71368 bytes to __notebook__.ipynb
[NbConvertApp] Converting notebook __notebook__.ipynb to html
[NbConvertApp] Writing 560184 bytes to __results__.html
