0.00s - Debugger warning: It seems that frozen modules are being used, which may
0.00s - make the debugger miss breakpoints. Please pass -Xfrozen_modules=off
0.00s - to python to disable frozen modules.
0.00s - Note: Debugging will proceed. Set PYDEVD_DISABLE_FILE_VALIDATION=1 to disable this validation.
0.00s - Debugger warning: It seems that frozen modules are being used, which may
0.00s - make the debugger miss breakpoints. Please pass -Xfrozen_modules=off
0.00s - to python to disable frozen modules.
0.00s - Note: Debugging will proceed. Set PYDEVD_DISABLE_FILE_VALIDATION=1 to disable this validation.
Writing /kaggle/working/run_canon.py
2 windows: ['auto_grown_20250925223153537_big_r15_c15', 'auto_grown_20251005221856743_big_r125_c85']
auto_grown_20250925223153537_big_r15_c15 A {'exit': 0, 'mean': 0.216190904378891, 'frac_gt_0.5': 0.09053305801362235} [472s]
checkpoint for the rest: ['/tmp/canon_models/scrollprize__ink_canonical_2um/r152_3ddec_v2_l5_epoch13.ckpt']
auto_grown_20251005221856743_big_r125_c85 A {'exit': 0, 'mean': 0.20259921252727509, 'frac_gt_0.5': 0.06945607643519866} [902s]
auto_grown_20250925223153537_big_r15_c15 B {'exit': 0, 'mean': 0.1633538454771042, 'frac_gt_0.5': 0.030395215955760675} [952s]
auto_grown_20251005221856743_big_r125_c85 B {'exit': 0, 'mean': 0.17218469083309174, 'frac_gt_0.5': 0.035723688473028814} [1347s]
ALL_DONE {"auto_grown_20250925223153537_big_r15_c15/A": {"exit": 0, "mean": 0.216190904378891, "frac_gt_0.5": 0.09053305801362235}, "auto_grown_20251005221856743_big_r125_c85/A": {"exit": 0, "mean": 0.20259921252727509, "frac_gt_0.5": 0.06945607643519866}, "auto_grown_20250925223153537_big_r15_c15/B": {"exit": 0, "mean": 0.1633538454771042, "frac_gt_0.5": 0.030395215955760675}, "auto_grown_20251005221856743_big_r125_c85/B": {"exit": 0, "mean": 0.17218469083309174, "frac_gt_0.5": 0.035723688473028814}} [1347s]
/usr/local/lib/python3.12/dist-packages/mistune.py:435: SyntaxWarning: invalid escape sequence '\|'
  cells[i][c] = re.sub('\\\\\|', '|', cell)
/usr/local/lib/python3.12/dist-packages/nbconvert/filters/filter_links.py:36: SyntaxWarning: invalid escape sequence '\_'
  text = re.sub(r'_', '\_', text) # Escape underscores in display text
[NbConvertApp] Converting notebook __notebook__.ipynb to notebook
[NbConvertApp] Writing 69553 bytes to __notebook__.ipynb
[NbConvertApp] Converting notebook __notebook__.ipynb to html
[NbConvertApp] Writing 556566 bytes to __results__.html
