0.00s - Debugger warning: It seems that frozen modules are being used, which may
0.00s - make the debugger miss breakpoints. Please pass -Xfrozen_modules=off
0.00s - to python to disable frozen modules.
0.00s - Note: Debugging will proceed. Set PYDEVD_DISABLE_FILE_VALIDATION=1 to disable this validation.
0.00s - Debugger warning: It seems that frozen modules are being used, which may
0.00s - make the debugger miss breakpoints. Please pass -Xfrozen_modules=off
0.00s - to python to disable frozen modules.
0.00s - Note: Debugging will proceed. Set PYDEVD_DISABLE_FILE_VALIDATION=1 to disable this validation.
Writing /kaggle/working/run_canon.py
1 windows
layer windows: {'auto_grown_20260911054619589_Z_r15_c40': {'start': 19, 'end': 81, 'dw_fine_layers': -4.847999866897474, 'ncc': 0.5335469841957092}}
auto_grown_20260911054619589_Z_r15_c40 C {'exit': 0, 'mean': 0.2016778141260147, 'frac_gt_0.5': 0.06753178643301051} [512s]
auto_grown_20260911054619589_Z_r15_c40 D {'exit': 0, 'mean': 0.19250716269016266, 'frac_gt_0.5': 0.054483378999062755} [1012s]
ALL_DONE [1012s]
/usr/local/lib/python3.12/dist-packages/mistune.py:435: SyntaxWarning: invalid escape sequence '\|'
  cells[i][c] = re.sub('\\\\\|', '|', cell)
/usr/local/lib/python3.12/dist-packages/nbconvert/filters/filter_links.py:36: SyntaxWarning: invalid escape sequence '\_'
  text = re.sub(r'_', '\_', text) # Escape underscores in display text
[NbConvertApp] Converting notebook __notebook__.ipynb to notebook
[NbConvertApp] Writing 68599 bytes to __notebook__.ipynb
[NbConvertApp] Converting notebook __notebook__.ipynb to html
[NbConvertApp] Writing 556953 bytes to __results__.html
